2025-11-10 23:01:43,337 - INFO - Starting experiment: model_dann_20251110_230143
2025-11-10 23:01:43,337 - INFO - Results will be saved to: ./models_minst/model_dann_20251110_230143
2025-11-10 23:01:43,337 - INFO - Using device: cpu
2025-11-10 23:01:43,337 - INFO - Configuration: {'batch_size': 128, 'num_epochs': 20, 'learning_rate': 0.001, 'weight_decay': 0.0001, 'zeta': 1.0, 'image_size': 28, 'device': 'cpu', 'save_dir': './models_minst/model_dann_20251110_230143', 'experiment_name': 'model_dann_20251110_230143', 'timestamp': '20251110_230143'}
2025-11-10 23:01:43,337 - INFO - 📦 Loading real MNIST and MNIST-M datasets...
2025-11-10 23:01:43,390 - INFO - MNIST train: 60000 samples
2025-11-10 23:01:43,390 - INFO - MNIST-M train: 59001 samples
2025-11-10 23:01:43,390 - INFO - MNIST test: 10000 samples
2025-11-10 23:01:43,390 - INFO - MNIST-M test: 9001 samples
2025-11-10 23:01:43,391 - INFO - 🏗️ Creating DANN model...
2025-11-10 23:01:43,396 - INFO - 
⏭️  Skipping baseline training (set skip_baseline=False to enable)
2025-11-10 23:01:43,396 - INFO - Baseline MNIST-M Accuracy: 0.0000
2025-11-10 23:01:43,396 - INFO - 
📊 Pre-training DANN evaluation:
2025-11-10 23:02:00,425 - INFO - 
🎯 Starting DANN training...
2025-11-10 23:02:00,426 - INFO - Training for 20 epochs
2025-11-10 23:03:22,177 - INFO - Epoch 1: Label Loss=0.3351, Label Acc=0.9136, Domain Loss=1.1140, Domain Acc=0.7357, Lambda=0.2444, LR=0.001000, MNIST-M Acc=0.5715
2025-11-10 23:04:40,430 - INFO - Epoch 2: Label Loss=0.1743, Label Acc=0.9480, Domain Loss=1.1466, Domain Acc=0.7080, Lambda=0.4617, LR=0.001000, MNIST-M Acc=0.6986
2025-11-10 23:05:57,460 - INFO - Epoch 3: Label Loss=0.1879, Label Acc=0.9418, Domain Loss=1.2292, Domain Acc=0.6671, Lambda=0.6348, LR=0.001000, MNIST-M Acc=0.7448
